// Jest Snapshot v1, https://goo.gl/fbAQLP

exports[`<Container /> should render and match the snapshot 1`] = `
<View
  style={
    Array [
      Object {
        "display": "flex",
        "flexBasis": 0,
        "flexGrow": 1,
        "flexShrink": 1,
      },
    ]
  }
  testID="container"
/>
`;
